==== Sec VII Hrmo LS rerun begun 2026-05-13T14:51:15Z ====
--- pure_ls_ring n=5 layers=4 14:51:15Z ---
=== pure_ls_ring on ((5,3,3))_3 ===
layers=4, params/layer=55, total params=220
ring_edges=[(0, 1), (1, 2), (2, 3), (3, 4), (4, 0)]

--- Seed 0 ---
    step    0 | loss=5.9063e+00
    step  100 | loss=9.1066e-01
    step  200 | loss=5.8077e-01
    step  300 | loss=4.9940e-01
    step  400 | loss=4.2703e-01
    step  500 | loss=3.5674e-01
    step  600 | loss=3.2638e-01
    step  700 | loss=3.0304e-01
    step  800 | loss=2.8343e-01
    step  900 | loss=2.7486e-01
    step 1000 | loss=2.7176e-01
    step 1100 | loss=2.7029e-01
    step 1200 | loss=2.7029e-01
    step 1300 | loss=2.6909e-01
    step 1400 | loss=2.7007e-01
  Seed 0: final=2.7035e-01, best=2.6868e-01, time=75s (1.3min)

--- Seed 1 ---
    step    0 | loss=5.9286e+00
    step  100 | loss=9.5491e-01
    step  200 | loss=6.8542e-01
    step  300 | loss=5.2523e-01
    step  400 | loss=4.6344e-01
    step  500 | loss=4.5661e-01
    step  600 | loss=4.5251e-01
    step  700 | loss=4.5142e-01
    step  800 | loss=4.5008e-01
    step  900 | loss=4.4020e-01
    step 1000 | loss=4.2844e-01
    step 1100 | loss=4.1757e-01
    step 1200 | loss=4.1602e-01
    step 1300 | loss=4.0644e-01
    step 1400 | loss=4.0670e-01
  Seed 1: final=4.0589e-01, best=4.0581e-01, time=53s (0.9min)

--- Seed 2 ---
    step    0 | loss=6.5932e+00
    step  100 | loss=2.0755e-01
    step  200 | loss=7.4789e-02
    step  300 | loss=7.3675e-02
    step  400 | loss=7.3358e-02
    step  500 | loss=7.2816e-02
    step  600 | loss=7.1577e-02
    step  700 | loss=6.0010e-02
    step  800 | loss=3.2833e-02
    step  900 | loss=3.1334e-02
    step 1000 | loss=3.1038e-02
    step 1100 | loss=3.0853e-02
    step 1200 | loss=3.0731e-02
    step 1300 | loss=3.0603e-02
    step 1400 | loss=3.0341e-02
  Seed 2: final=2.9749e-02, best=2.9653e-02, time=60s (1.0min)

Best: seed=2, loss=2.9653e-02
Saved pure_ls_ring_d3_n5_dist3_4L_best3s_seed2.npz
--- done pure_ls_ring n=5 14:54:43Z ---
--- csum_star_ls n=5 layers=4 14:54:43Z ---
=== csum_star_ls on ((5,3,3))_3 ===
layers=4, params/layer=55, total params=220
ring_edges=[(0, 1), (1, 2), (2, 3), (3, 4), (4, 0)]
star_edges (hub=0)=[(0, 1), (0, 2), (0, 3), (0, 4)]

--- Seed 0 ---
    step    0 | loss=4.6015e+00
    step  100 | loss=8.8448e-01
    step  200 | loss=8.4012e-01
    step  300 | loss=8.0681e-01
    step  400 | loss=8.0455e-01
    step  500 | loss=8.0306e-01
    step  600 | loss=7.9920e-01
    step  700 | loss=7.8722e-01
    step  800 | loss=7.8588e-01
    step  900 | loss=7.8538e-01
    step 1000 | loss=7.8355e-01
    step 1100 | loss=7.7961e-01
    step 1200 | loss=7.7518e-01
    step 1300 | loss=7.7166e-01
    step 1400 | loss=7.7379e-01
  Seed 0: final=7.7369e-01, best=7.7166e-01, time=41s (0.7min)

--- Seed 1 ---
    step    0 | loss=3.4621e+00
    step  100 | loss=9.1831e-01
    step  200 | loss=8.2318e-01
    step  300 | loss=8.1968e-01
    step  400 | loss=8.1957e-01
    step  500 | loss=8.1997e-01
    step  600 | loss=8.2093e-01
    step  700 | loss=8.1965e-01
    step  800 | loss=8.2023e-01
    step  900 | loss=8.2051e-01
    step 1000 | loss=8.2000e-01
    step 1100 | loss=8.1981e-01
    step 1200 | loss=8.1953e-01
    step 1300 | loss=8.1964e-01
    step 1400 | loss=8.2121e-01
  Seed 1: final=8.2285e-01, best=8.1950e-01, time=37s (0.6min)

--- Seed 2 ---
    step    0 | loss=4.0358e+00
    step  100 | loss=9.1858e-01
    step  200 | loss=8.5391e-01
    step  300 | loss=8.1950e-01
    step  400 | loss=7.9586e-01
    step  500 | loss=8.2510e-01
    step  600 | loss=7.7371e-01
    step  700 | loss=7.7280e-01
    step  800 | loss=7.7288e-01
    step  900 | loss=7.7277e-01
    step 1000 | loss=7.7277e-01
    step 1100 | loss=7.7302e-01
    step 1200 | loss=7.8345e-01
    step 1300 | loss=7.7286e-01
    step 1400 | loss=7.7281e-01
  Seed 2: final=7.7404e-01, best=7.7277e-01, time=32s (0.5min)

Best: seed=0, loss=7.7166e-01
Saved csum_star_ls_d3_n5_dist3_4L_best3s_seed0.npz
--- done csum_star_ls n=5 14:56:36Z ---
--- pure_ls_ring n=7 layers=4 14:56:36Z ---
=== pure_ls_ring on ((7,3,3))_3 ===
layers=4, params/layer=77, total params=308
ring_edges=[(0, 1), (1, 2), (2, 3), (3, 4), (4, 5), (5, 6), (6, 0)]

--- Seed 0 ---
    step    0 | loss=1.5569e+01
    step  100 | loss=2.2880e-01
    step  200 | loss=1.3215e-01
    step  300 | loss=4.7868e-02
    step  400 | loss=7.5708e-03
    step  500 | loss=4.8878e-06
    CONVERGED at step 540
  Seed 0: final=7.5486e-07, best=7.5486e-07, time=112s (1.9min)

--- Seed 1 ---
    step    0 | loss=1.1942e+01
    step  100 | loss=1.4722e-01
    step  200 | loss=4.1279e-02
    step  300 | loss=7.9532e-04
    step  400 | loss=1.4327e-04
    step  500 | loss=1.2466e-04
    step  600 | loss=3.3335e-05
    step  700 | loss=2.0101e-05
    step  800 | loss=1.3757e-05
    step  900 | loss=9.2778e-06
    step 1000 | loss=6.9326e-06
    step 1100 | loss=5.5183e-06
    step 1200 | loss=4.0429e-06
    step 1300 | loss=3.5187e-06
    step 1400 | loss=6.6403e-05
  Seed 1: final=2.1996e-06, best=2.1764e-06, time=232s (3.9min)

--- Seed 2 ---
    step    0 | loss=8.7971e+00
    step  100 | loss=1.4922e-01
    step  200 | loss=7.0828e-02
    step  300 | loss=3.9030e-02
    step  400 | loss=2.3740e-02
    step  500 | loss=6.4948e-03
    step  600 | loss=2.6645e-04
    step  700 | loss=1.1586e-04
    step  800 | loss=7.9381e-05
    step  900 | loss=5.1991e-05
    step 1000 | loss=3.2555e-05
    step 1100 | loss=1.6157e-05
    step 1200 | loss=7.9931e-06
    step 1300 | loss=1.1002e-05
    step 1400 | loss=1.1531e-05
  Seed 2: final=1.6357e-05, best=1.6947e-06, time=228s (3.8min)

Best: seed=0, loss=7.5486e-07
Saved pure_ls_ring_d3_n7_dist3_4L_best3s_seed0.npz
--- done pure_ls_ring n=7 15:06:11Z ---
--- csum_star_ls n=7 layers=4 15:06:11Z ---
=== csum_star_ls on ((7,3,3))_3 ===
layers=4, params/layer=77, total params=308
ring_edges=[(0, 1), (1, 2), (2, 3), (3, 4), (4, 5), (5, 6), (6, 0)]
star_edges (hub=0)=[(0, 1), (0, 2), (0, 3), (0, 4), (0, 5), (0, 6)]

--- Seed 0 ---
    step    0 | loss=8.7736e+00
    step  100 | loss=2.7570e-01
    step  200 | loss=2.3277e-01
    step  300 | loss=2.2113e-01
    step  400 | loss=2.1554e-01
    step  500 | loss=2.0978e-01
    step  600 | loss=2.0155e-01
    step  700 | loss=2.0049e-01
    step  800 | loss=2.0021e-01
    step  900 | loss=1.9994e-01
    step 1000 | loss=1.9920e-01
    step 1100 | loss=1.9847e-01
    step 1200 | loss=1.9785e-01
    step 1300 | loss=1.9709e-01
    step 1400 | loss=1.9662e-01
  Seed 0: final=1.9622e-01, best=1.9622e-01, time=242s (4.0min)

--- Seed 1 ---
    step    0 | loss=5.8978e+00
    step  100 | loss=2.6311e-01
    step  200 | loss=2.2568e-01
    step  300 | loss=2.1629e-01
    step  400 | loss=2.1090e-01
    step  500 | loss=2.0717e-01
    step  600 | loss=2.0499e-01
    step  700 | loss=2.0328e-01
    step  800 | loss=2.0142e-01
    step  900 | loss=2.0074e-01
    step 1000 | loss=2.0010e-01
    step 1100 | loss=1.9931e-01
    step 1200 | loss=1.9895e-01
    step 1300 | loss=1.9883e-01
    step 1400 | loss=1.9882e-01
  Seed 1: final=1.9870e-01, best=1.9870e-01, time=240s (4.0min)

--- Seed 2 ---
    step    0 | loss=1.7471e+00
    step  100 | loss=2.3329e-01
    step  200 | loss=2.0889e-01
    step  300 | loss=2.0565e-01
    step  400 | loss=1.9962e-01
    step  500 | loss=1.9978e-01
    step  600 | loss=1.9906e-01
    step  700 | loss=1.9904e-01
    step  800 | loss=1.9904e-01
    step  900 | loss=1.9917e-01
    step 1000 | loss=1.9904e-01
    step 1100 | loss=1.9904e-01
    step 1200 | loss=1.9909e-01
    step 1300 | loss=1.9970e-01
    step 1400 | loss=1.9918e-01
  Seed 2: final=1.9924e-01, best=1.9903e-01, time=241s (4.0min)

Best: seed=0, loss=1.9622e-01
Saved csum_star_ls_d3_n7_dist3_4L_best3s_seed0.npz
--- done csum_star_ls n=7 15:18:16Z ---
==== Sec VII Hrmo LS rerun ended 2026-05-13T15:18:16Z ====
