=== R14-7c dim-scaling seed 2: ((7,1,3))_4 a2a 4L, basis 925, dim 16384, uniform prior, w2_budget 50 ===
2026-05-28 13:12:58.282501: E external/xla/xla/service/slow_operation_alarm.cc:65] 
********************************
[Compiling module jit__lambda_] Very slow compile? If you want to file a bug, run with envvar XLA_FLAGS=--xla_dump_to=/tmp/foo and attach the results.
********************************
2026-05-28 13:13:29.548578: E external/xla/xla/service/slow_operation_alarm.cc:133] The operation took 2m31.273693s

********************************
[Compiling module jit__lambda_] Very slow compile? If you want to file a bug, run with envvar XLA_FLAGS=--xla_dump_to=/tmp/foo and attach the results.
********************************
  [r14-7c d4n7] step    0 | loss = 3.7450e-04 | 345.6s/step avg
  [r14-7c d4n7] step    1 | loss = 3.3634e-04 | 186.1s/step avg
  [r14-7c d4n7] step    2 | loss = 3.3420e-04 | 132.7s/step avg
  [r14-7c d4n7] step    3 | loss = 2.8873e-04 | 105.5s/step avg
  [r14-7c d4n7] step    4 | loss = 2.9536e-04 | 88.8s/step avg
  [r14-7c d4n7] step  200 | loss = 1.3331e-04 | 38.3s/step avg
  [r14-7c d4n7] step  400 | loss = 1.2450e-04 | 39.0s/step avg
  [r14-7c d4n7] step  600 | loss = 1.1048e-04 | 38.2s/step avg
  [r14-7c d4n7] step  800 | loss = 1.0171e-04 | 36.4s/step avg
  [r14-7c d4n7] step 1000 | loss = 1.1450e-04 | 35.1s/step avg
  [r14-7c d4n7] step 1200 | loss = 9.8228e-05 | 33.8s/step avg
  [r14-7c d4n7] step 1400 | loss = 1.1131e-04 | 33.2s/step avg
  [r14-7c d4n7] step 1499 | loss = 1.1251e-04 | 32.6s/step avg
  seed 2 done in 48905s; final=1.1251e-04, min=9.0434e-05; wrote /Users/tomas/PycharmProjects/PythonProject8/qudit/results/round14_scoping/r14_7c_dim_scaling/d4_n7_dist3_4L_uniform_seed2.npz
