=== R14-7c dim-scaling seed 1: ((7,1,3))_4 a2a 4L, basis 925, dim 16384, uniform prior, w2_budget 50 ===
2026-05-28 13:12:56.411027: E external/xla/xla/service/slow_operation_alarm.cc:65] 
********************************
[Compiling module jit__lambda_] Very slow compile? If you want to file a bug, run with envvar XLA_FLAGS=--xla_dump_to=/tmp/foo and attach the results.
********************************
2026-05-28 13:13:20.334019: E external/xla/xla/service/slow_operation_alarm.cc:133] The operation took 2m23.931376s

********************************
[Compiling module jit__lambda_] Very slow compile? If you want to file a bug, run with envvar XLA_FLAGS=--xla_dump_to=/tmp/foo and attach the results.
********************************
  [r14-7c d4n7] step    0 | loss = 3.6821e-04 | 339.1s/step avg
  [r14-7c d4n7] step    1 | loss = 3.4427e-04 | 182.1s/step avg
  [r14-7c d4n7] step    2 | loss = 3.0377e-04 | 130.4s/step avg
  [r14-7c d4n7] step    3 | loss = 2.9270e-04 | 104.5s/step avg
  [r14-7c d4n7] step    4 | loss = 2.7056e-04 | 88.3s/step avg
  [r14-7c d4n7] step  200 | loss = 1.3002e-04 | 38.3s/step avg
  [r14-7c d4n7] step  400 | loss = 1.2220e-04 | 39.0s/step avg
  [r14-7c d4n7] step  600 | loss = 1.1692e-04 | 38.2s/step avg
  [r14-7c d4n7] step  800 | loss = 9.5729e-05 | 36.4s/step avg
  [r14-7c d4n7] step 1000 | loss = 1.0475e-04 | 35.1s/step avg
  [r14-7c d4n7] step 1200 | loss = 1.0232e-04 | 33.8s/step avg
  [r14-7c d4n7] step 1400 | loss = 1.1106e-04 | 33.2s/step avg
  [r14-7c d4n7] step 1499 | loss = 1.1128e-04 | 32.6s/step avg
  seed 1 done in 48909s; final=1.1128e-04, min=8.7967e-05; wrote /Users/tomas/PycharmProjects/PythonProject8/qudit/results/round14_scoping/r14_7c_dim_scaling/d4_n7_dist3_4L_uniform_seed1.npz
