=== R14-7c dim-scaling seed 0: ((7,1,3))_4 a2a 4L, basis 925, dim 16384, uniform prior, w2_budget 50 ===
2026-05-28 13:12:58.461433: E external/xla/xla/service/slow_operation_alarm.cc:65] 
********************************
[Compiling module jit__lambda_] Very slow compile? If you want to file a bug, run with envvar XLA_FLAGS=--xla_dump_to=/tmp/foo and attach the results.
********************************
2026-05-28 13:13:38.938473: E external/xla/xla/service/slow_operation_alarm.cc:133] The operation took 2m40.482654s

********************************
[Compiling module jit__lambda_] Very slow compile? If you want to file a bug, run with envvar XLA_FLAGS=--xla_dump_to=/tmp/foo and attach the results.
********************************
  [r14-7c d4n7] step    0 | loss = 3.8755e-04 | 353.3s/step avg
  [r14-7c d4n7] step    1 | loss = 3.3702e-04 | 189.1s/step avg
  [r14-7c d4n7] step    2 | loss = 3.3088e-04 | 134.4s/step avg
  [r14-7c d4n7] step    3 | loss = 3.1588e-04 | 106.8s/step avg
  [r14-7c d4n7] step    4 | loss = 2.6997e-04 | 90.3s/step avg
  [r14-7c d4n7] step  200 | loss = 1.2396e-04 | 38.3s/step avg
  [r14-7c d4n7] step  400 | loss = 1.2256e-04 | 39.0s/step avg
  [r14-7c d4n7] step  600 | loss = 1.2099e-04 | 38.2s/step avg
  [r14-7c d4n7] step  800 | loss = 1.0762e-04 | 36.4s/step avg
  [r14-7c d4n7] step 1000 | loss = 1.1950e-04 | 35.1s/step avg
  [r14-7c d4n7] step 1200 | loss = 1.0984e-04 | 33.8s/step avg
  [r14-7c d4n7] step 1400 | loss = 1.1622e-04 | 33.2s/step avg
  [r14-7c d4n7] step 1499 | loss = 1.0982e-04 | 32.6s/step avg
  seed 0 done in 48905s; final=1.0982e-04, min=8.3376e-05; wrote /Users/tomas/PycharmProjects/PythonProject8/qudit/results/round14_scoping/r14_7c_dim_scaling/d4_n7_dist3_4L_uniform_seed0.npz
